// Jest Snapshot v1, https://goo.gl/fbAQLP

exports[`should render dashboard page correectly 1`] = `
<div>
  Dashboard page content.
</div>
`;
